[2026-08-25T18:01:09.872+0000] {processor.py:186} INFO - Started process (PID=164) to work on /opt/airflow/dags/prod/airbyte_to_dbt_prod.py
[2026-08-25T18:01:09.874+0000] {processor.py:914} INFO - Processing file /opt/airflow/dags/prod/airbyte_to_dbt_prod.py for tasks to queue
[2026-08-25T18:01:09.878+0000] {logging_mixin.py:190} INFO - [2026-08-25T18:01:09.876+0000] {dagbag.py:588} INFO - Filling up the DagBag from /opt/airflow/dags/prod/airbyte_to_dbt_prod.py
[2026-08-25T18:01:09.952+0000] {processor.py:925} INFO - DAG(s) 'airbyte_to_dbt_pipeline_prod' retrieved from /opt/airflow/dags/prod/airbyte_to_dbt_prod.py
[2026-08-25T18:01:10.505+0000] {logging_mixin.py:190} INFO - [2026-08-25T18:01:10.505+0000] {override.py:1911} INFO - Created Permission View: can edit on DAG:airbyte_to_dbt_pipeline_prod
[2026-08-25T18:01:10.520+0000] {logging_mixin.py:190} INFO - [2026-08-25T18:01:10.519+0000] {override.py:1911} INFO - Created Permission View: can delete on DAG:airbyte_to_dbt_pipeline_prod
[2026-08-25T18:01:10.533+0000] {logging_mixin.py:190} INFO - [2026-08-25T18:01:10.533+0000] {override.py:1911} INFO - Created Permission View: can read on DAG:airbyte_to_dbt_pipeline_prod
[2026-08-25T18:01:10.549+0000] {logging_mixin.py:190} INFO - [2026-08-25T18:01:10.549+0000] {override.py:1911} INFO - Created Permission View: can create on DAG Run:airbyte_to_dbt_pipeline_prod
[2026-08-25T18:01:10.561+0000] {logging_mixin.py:190} INFO - [2026-08-25T18:01:10.561+0000] {override.py:1911} INFO - Created Permission View: can delete on DAG Run:airbyte_to_dbt_pipeline_prod
[2026-08-25T18:01:10.572+0000] {logging_mixin.py:190} INFO - [2026-08-25T18:01:10.572+0000] {override.py:1911} INFO - Created Permission View: menu access on DAG Run:airbyte_to_dbt_pipeline_prod
[2026-08-25T18:01:10.583+0000] {logging_mixin.py:190} INFO - [2026-08-25T18:01:10.583+0000] {override.py:1911} INFO - Created Permission View: can read on DAG Run:airbyte_to_dbt_pipeline_prod
[2026-08-25T18:01:10.584+0000] {logging_mixin.py:190} INFO - [2026-08-25T18:01:10.583+0000] {dag.py:3239} INFO - Sync 1 DAGs
[2026-08-25T18:01:10.602+0000] {logging_mixin.py:190} INFO - [2026-08-25T18:01:10.601+0000] {dag.py:3262} INFO - Creating ORM DAG for airbyte_to_dbt_pipeline_prod
[2026-08-25T18:01:10.624+0000] {logging_mixin.py:190} INFO - [2026-08-25T18:01:10.624+0000] {dag.py:4180} INFO - Setting next_dagrun for airbyte_to_dbt_pipeline_prod to 2026-08-25 17:00:00+00:00, run_after=2026-08-25 18:00:00+00:00
[2026-08-25T18:01:10.650+0000] {processor.py:208} INFO - Processing /opt/airflow/dags/prod/airbyte_to_dbt_prod.py took 0.795 seconds
[2026-08-25T18:01:40.837+0000] {processor.py:186} INFO - Started process (PID=176) to work on /opt/airflow/dags/prod/airbyte_to_dbt_prod.py
[2026-08-25T18:01:40.838+0000] {processor.py:914} INFO - Processing file /opt/airflow/dags/prod/airbyte_to_dbt_prod.py for tasks to queue
[2026-08-25T18:01:40.839+0000] {logging_mixin.py:190} INFO - [2026-08-25T18:01:40.839+0000] {dagbag.py:588} INFO - Filling up the DagBag from /opt/airflow/dags/prod/airbyte_to_dbt_prod.py
[2026-08-25T18:01:40.866+0000] {processor.py:925} INFO - DAG(s) 'airbyte_to_dbt_pipeline_prod' retrieved from /opt/airflow/dags/prod/airbyte_to_dbt_prod.py
[2026-08-25T18:01:40.920+0000] {logging_mixin.py:190} INFO - [2026-08-25T18:01:40.920+0000] {dag.py:3239} INFO - Sync 1 DAGs
[2026-08-25T18:01:40.960+0000] {logging_mixin.py:190} INFO - [2026-08-25T18:01:40.960+0000] {dag.py:4180} INFO - Setting next_dagrun for airbyte_to_dbt_pipeline_prod to 2026-08-25 17:00:00+00:00, run_after=2026-08-25 18:00:00+00:00
[2026-08-25T18:01:40.984+0000] {processor.py:208} INFO - Processing /opt/airflow/dags/prod/airbyte_to_dbt_prod.py took 0.157 seconds
[2026-08-25T18:02:11.153+0000] {processor.py:186} INFO - Started process (PID=186) to work on /opt/airflow/dags/prod/airbyte_to_dbt_prod.py
[2026-08-25T18:02:11.154+0000] {processor.py:914} INFO - Processing file /opt/airflow/dags/prod/airbyte_to_dbt_prod.py for tasks to queue
[2026-08-25T18:02:11.155+0000] {logging_mixin.py:190} INFO - [2026-08-25T18:02:11.155+0000] {dagbag.py:588} INFO - Filling up the DagBag from /opt/airflow/dags/prod/airbyte_to_dbt_prod.py
[2026-08-25T18:02:11.177+0000] {processor.py:925} INFO - DAG(s) 'airbyte_to_dbt_pipeline_prod' retrieved from /opt/airflow/dags/prod/airbyte_to_dbt_prod.py
[2026-08-25T18:02:11.236+0000] {logging_mixin.py:190} INFO - [2026-08-25T18:02:11.236+0000] {dag.py:3239} INFO - Sync 1 DAGs
[2026-08-25T18:02:11.286+0000] {logging_mixin.py:190} INFO - [2026-08-25T18:02:11.285+0000] {dag.py:4180} INFO - Setting next_dagrun for airbyte_to_dbt_pipeline_prod to 2026-08-25 17:00:00+00:00, run_after=2026-08-25 18:00:00+00:00
[2026-08-25T18:02:11.305+0000] {processor.py:208} INFO - Processing /opt/airflow/dags/prod/airbyte_to_dbt_prod.py took 0.162 seconds
[2026-08-25T18:02:41.459+0000] {processor.py:186} INFO - Started process (PID=196) to work on /opt/airflow/dags/prod/airbyte_to_dbt_prod.py
[2026-08-25T18:02:41.459+0000] {processor.py:914} INFO - Processing file /opt/airflow/dags/prod/airbyte_to_dbt_prod.py for tasks to queue
[2026-08-25T18:02:41.461+0000] {logging_mixin.py:190} INFO - [2026-08-25T18:02:41.460+0000] {dagbag.py:588} INFO - Filling up the DagBag from /opt/airflow/dags/prod/airbyte_to_dbt_prod.py
[2026-08-25T18:02:41.481+0000] {processor.py:925} INFO - DAG(s) 'airbyte_to_dbt_pipeline_prod' retrieved from /opt/airflow/dags/prod/airbyte_to_dbt_prod.py
[2026-08-25T18:02:41.527+0000] {logging_mixin.py:190} INFO - [2026-08-25T18:02:41.527+0000] {dag.py:3239} INFO - Sync 1 DAGs
[2026-08-25T18:02:41.566+0000] {logging_mixin.py:190} INFO - [2026-08-25T18:02:41.566+0000] {dag.py:4180} INFO - Setting next_dagrun for airbyte_to_dbt_pipeline_prod to 2026-08-25 17:00:00+00:00, run_after=2026-08-25 18:00:00+00:00
[2026-08-25T18:02:41.590+0000] {processor.py:208} INFO - Processing /opt/airflow/dags/prod/airbyte_to_dbt_prod.py took 0.139 seconds
[2026-08-25T18:03:11.772+0000] {processor.py:186} INFO - Started process (PID=206) to work on /opt/airflow/dags/prod/airbyte_to_dbt_prod.py
[2026-08-25T18:03:11.773+0000] {processor.py:914} INFO - Processing file /opt/airflow/dags/prod/airbyte_to_dbt_prod.py for tasks to queue
[2026-08-25T18:03:11.774+0000] {logging_mixin.py:190} INFO - [2026-08-25T18:03:11.774+0000] {dagbag.py:588} INFO - Filling up the DagBag from /opt/airflow/dags/prod/airbyte_to_dbt_prod.py
[2026-08-25T18:03:11.795+0000] {processor.py:925} INFO - DAG(s) 'airbyte_to_dbt_pipeline_prod' retrieved from /opt/airflow/dags/prod/airbyte_to_dbt_prod.py
[2026-08-25T18:03:11.835+0000] {logging_mixin.py:190} INFO - [2026-08-25T18:03:11.835+0000] {dag.py:3239} INFO - Sync 1 DAGs
[2026-08-25T18:03:11.867+0000] {logging_mixin.py:190} INFO - [2026-08-25T18:03:11.867+0000] {dag.py:4180} INFO - Setting next_dagrun for airbyte_to_dbt_pipeline_prod to 2026-08-25 17:00:00+00:00, run_after=2026-08-25 18:00:00+00:00
[2026-08-25T18:03:11.891+0000] {processor.py:208} INFO - Processing /opt/airflow/dags/prod/airbyte_to_dbt_prod.py took 0.129 seconds
[2026-08-25T18:03:42.080+0000] {processor.py:186} INFO - Started process (PID=216) to work on /opt/airflow/dags/prod/airbyte_to_dbt_prod.py
[2026-08-25T18:03:42.081+0000] {processor.py:914} INFO - Processing file /opt/airflow/dags/prod/airbyte_to_dbt_prod.py for tasks to queue
[2026-08-25T18:03:42.082+0000] {logging_mixin.py:190} INFO - [2026-08-25T18:03:42.082+0000] {dagbag.py:588} INFO - Filling up the DagBag from /opt/airflow/dags/prod/airbyte_to_dbt_prod.py
[2026-08-25T18:03:42.105+0000] {processor.py:925} INFO - DAG(s) 'airbyte_to_dbt_pipeline_prod' retrieved from /opt/airflow/dags/prod/airbyte_to_dbt_prod.py
[2026-08-25T18:03:42.149+0000] {logging_mixin.py:190} INFO - [2026-08-25T18:03:42.149+0000] {dag.py:3239} INFO - Sync 1 DAGs
[2026-08-25T18:03:42.177+0000] {logging_mixin.py:190} INFO - [2026-08-25T18:03:42.177+0000] {dag.py:4180} INFO - Setting next_dagrun for airbyte_to_dbt_pipeline_prod to 2026-08-25 17:00:00+00:00, run_after=2026-08-25 18:00:00+00:00
[2026-08-25T18:03:42.198+0000] {processor.py:208} INFO - Processing /opt/airflow/dags/prod/airbyte_to_dbt_prod.py took 0.127 seconds
[2026-08-25T18:04:12.363+0000] {processor.py:186} INFO - Started process (PID=226) to work on /opt/airflow/dags/prod/airbyte_to_dbt_prod.py
[2026-08-25T18:04:12.364+0000] {processor.py:914} INFO - Processing file /opt/airflow/dags/prod/airbyte_to_dbt_prod.py for tasks to queue
[2026-08-25T18:04:12.366+0000] {logging_mixin.py:190} INFO - [2026-08-25T18:04:12.365+0000] {dagbag.py:588} INFO - Filling up the DagBag from /opt/airflow/dags/prod/airbyte_to_dbt_prod.py
[2026-08-25T18:04:12.386+0000] {processor.py:925} INFO - DAG(s) 'airbyte_to_dbt_pipeline_prod' retrieved from /opt/airflow/dags/prod/airbyte_to_dbt_prod.py
[2026-08-25T18:04:12.426+0000] {logging_mixin.py:190} INFO - [2026-08-25T18:04:12.426+0000] {dag.py:3239} INFO - Sync 1 DAGs
[2026-08-25T18:04:12.456+0000] {logging_mixin.py:190} INFO - [2026-08-25T18:04:12.456+0000] {dag.py:4180} INFO - Setting next_dagrun for airbyte_to_dbt_pipeline_prod to 2026-08-25 17:00:00+00:00, run_after=2026-08-25 18:00:00+00:00
[2026-08-25T18:04:12.483+0000] {processor.py:208} INFO - Processing /opt/airflow/dags/prod/airbyte_to_dbt_prod.py took 0.129 seconds
[2026-08-25T18:04:42.658+0000] {processor.py:186} INFO - Started process (PID=236) to work on /opt/airflow/dags/prod/airbyte_to_dbt_prod.py
[2026-08-25T18:04:42.659+0000] {processor.py:914} INFO - Processing file /opt/airflow/dags/prod/airbyte_to_dbt_prod.py for tasks to queue
[2026-08-25T18:04:42.660+0000] {logging_mixin.py:190} INFO - [2026-08-25T18:04:42.660+0000] {dagbag.py:588} INFO - Filling up the DagBag from /opt/airflow/dags/prod/airbyte_to_dbt_prod.py
[2026-08-25T18:04:42.681+0000] {processor.py:925} INFO - DAG(s) 'airbyte_to_dbt_pipeline_prod' retrieved from /opt/airflow/dags/prod/airbyte_to_dbt_prod.py
[2026-08-25T18:04:42.722+0000] {logging_mixin.py:190} INFO - [2026-08-25T18:04:42.721+0000] {dag.py:3239} INFO - Sync 1 DAGs
[2026-08-25T18:04:42.754+0000] {logging_mixin.py:190} INFO - [2026-08-25T18:04:42.754+0000] {dag.py:4180} INFO - Setting next_dagrun for airbyte_to_dbt_pipeline_prod to 2026-08-25 17:00:00+00:00, run_after=2026-08-25 18:00:00+00:00
[2026-08-25T18:04:42.778+0000] {processor.py:208} INFO - Processing /opt/airflow/dags/prod/airbyte_to_dbt_prod.py took 0.128 seconds
[2026-08-25T18:05:12.953+0000] {processor.py:186} INFO - Started process (PID=246) to work on /opt/airflow/dags/prod/airbyte_to_dbt_prod.py
[2026-08-25T18:05:12.954+0000] {processor.py:914} INFO - Processing file /opt/airflow/dags/prod/airbyte_to_dbt_prod.py for tasks to queue
[2026-08-25T18:05:12.956+0000] {logging_mixin.py:190} INFO - [2026-08-25T18:05:12.955+0000] {dagbag.py:588} INFO - Filling up the DagBag from /opt/airflow/dags/prod/airbyte_to_dbt_prod.py
[2026-08-25T18:05:12.987+0000] {processor.py:925} INFO - DAG(s) 'airbyte_to_dbt_pipeline_prod' retrieved from /opt/airflow/dags/prod/airbyte_to_dbt_prod.py
[2026-08-25T18:05:13.043+0000] {logging_mixin.py:190} INFO - [2026-08-25T18:05:13.043+0000] {dag.py:3239} INFO - Sync 1 DAGs
[2026-08-25T18:05:13.085+0000] {logging_mixin.py:190} INFO - [2026-08-25T18:05:13.085+0000] {dag.py:4180} INFO - Setting next_dagrun for airbyte_to_dbt_pipeline_prod to 2026-08-25 17:00:00+00:00, run_after=2026-08-25 18:00:00+00:00
[2026-08-25T18:05:13.117+0000] {processor.py:208} INFO - Processing /opt/airflow/dags/prod/airbyte_to_dbt_prod.py took 0.176 seconds
[2026-08-25T18:05:43.303+0000] {processor.py:186} INFO - Started process (PID=256) to work on /opt/airflow/dags/prod/airbyte_to_dbt_prod.py
[2026-08-25T18:05:43.304+0000] {processor.py:914} INFO - Processing file /opt/airflow/dags/prod/airbyte_to_dbt_prod.py for tasks to queue
[2026-08-25T18:05:43.306+0000] {logging_mixin.py:190} INFO - [2026-08-25T18:05:43.305+0000] {dagbag.py:588} INFO - Filling up the DagBag from /opt/airflow/dags/prod/airbyte_to_dbt_prod.py
[2026-08-25T18:05:43.339+0000] {processor.py:925} INFO - DAG(s) 'airbyte_to_dbt_pipeline_prod' retrieved from /opt/airflow/dags/prod/airbyte_to_dbt_prod.py
[2026-08-25T18:05:43.397+0000] {logging_mixin.py:190} INFO - [2026-08-25T18:05:43.396+0000] {dag.py:3239} INFO - Sync 1 DAGs
[2026-08-25T18:05:43.439+0000] {logging_mixin.py:190} INFO - [2026-08-25T18:05:43.439+0000] {dag.py:4180} INFO - Setting next_dagrun for airbyte_to_dbt_pipeline_prod to 2026-08-25 17:00:00+00:00, run_after=2026-08-25 18:00:00+00:00
[2026-08-25T18:05:43.461+0000] {processor.py:208} INFO - Processing /opt/airflow/dags/prod/airbyte_to_dbt_prod.py took 0.168 seconds
[2026-08-25T18:06:13.661+0000] {processor.py:186} INFO - Started process (PID=266) to work on /opt/airflow/dags/prod/airbyte_to_dbt_prod.py
[2026-08-25T18:06:13.662+0000] {processor.py:914} INFO - Processing file /opt/airflow/dags/prod/airbyte_to_dbt_prod.py for tasks to queue
[2026-08-25T18:06:13.663+0000] {logging_mixin.py:190} INFO - [2026-08-25T18:06:13.663+0000] {dagbag.py:588} INFO - Filling up the DagBag from /opt/airflow/dags/prod/airbyte_to_dbt_prod.py
[2026-08-25T18:06:13.686+0000] {processor.py:925} INFO - DAG(s) 'airbyte_to_dbt_pipeline_prod' retrieved from /opt/airflow/dags/prod/airbyte_to_dbt_prod.py
[2026-08-25T18:06:13.737+0000] {logging_mixin.py:190} INFO - [2026-08-25T18:06:13.737+0000] {dag.py:3239} INFO - Sync 1 DAGs
[2026-08-25T18:06:13.774+0000] {logging_mixin.py:190} INFO - [2026-08-25T18:06:13.774+0000] {dag.py:4180} INFO - Setting next_dagrun for airbyte_to_dbt_pipeline_prod to 2026-08-25 17:00:00+00:00, run_after=2026-08-25 18:00:00+00:00
[2026-08-25T18:06:13.797+0000] {processor.py:208} INFO - Processing /opt/airflow/dags/prod/airbyte_to_dbt_prod.py took 0.145 seconds
[2026-08-25T18:06:43.971+0000] {processor.py:186} INFO - Started process (PID=276) to work on /opt/airflow/dags/prod/airbyte_to_dbt_prod.py
[2026-08-25T18:06:43.972+0000] {processor.py:914} INFO - Processing file /opt/airflow/dags/prod/airbyte_to_dbt_prod.py for tasks to queue
[2026-08-25T18:06:43.973+0000] {logging_mixin.py:190} INFO - [2026-08-25T18:06:43.972+0000] {dagbag.py:588} INFO - Filling up the DagBag from /opt/airflow/dags/prod/airbyte_to_dbt_prod.py
[2026-08-25T18:06:43.993+0000] {processor.py:925} INFO - DAG(s) 'airbyte_to_dbt_pipeline_prod' retrieved from /opt/airflow/dags/prod/airbyte_to_dbt_prod.py
[2026-08-25T18:06:44.044+0000] {logging_mixin.py:190} INFO - [2026-08-25T18:06:44.044+0000] {dag.py:3239} INFO - Sync 1 DAGs
[2026-08-25T18:06:44.079+0000] {logging_mixin.py:190} INFO - [2026-08-25T18:06:44.078+0000] {dag.py:4180} INFO - Setting next_dagrun for airbyte_to_dbt_pipeline_prod to 2026-08-25 17:00:00+00:00, run_after=2026-08-25 18:00:00+00:00
[2026-08-25T18:06:44.101+0000] {processor.py:208} INFO - Processing /opt/airflow/dags/prod/airbyte_to_dbt_prod.py took 0.137 seconds
[2026-08-25T18:07:14.260+0000] {processor.py:186} INFO - Started process (PID=286) to work on /opt/airflow/dags/prod/airbyte_to_dbt_prod.py
[2026-08-25T18:07:14.262+0000] {processor.py:914} INFO - Processing file /opt/airflow/dags/prod/airbyte_to_dbt_prod.py for tasks to queue
[2026-08-25T18:07:14.263+0000] {logging_mixin.py:190} INFO - [2026-08-25T18:07:14.263+0000] {dagbag.py:588} INFO - Filling up the DagBag from /opt/airflow/dags/prod/airbyte_to_dbt_prod.py
[2026-08-25T18:07:14.286+0000] {processor.py:925} INFO - DAG(s) 'airbyte_to_dbt_pipeline_prod' retrieved from /opt/airflow/dags/prod/airbyte_to_dbt_prod.py
[2026-08-25T18:07:14.338+0000] {logging_mixin.py:190} INFO - [2026-08-25T18:07:14.338+0000] {dag.py:3239} INFO - Sync 1 DAGs
[2026-08-25T18:07:14.376+0000] {logging_mixin.py:190} INFO - [2026-08-25T18:07:14.376+0000] {dag.py:4180} INFO - Setting next_dagrun for airbyte_to_dbt_pipeline_prod to 2026-08-25 17:00:00+00:00, run_after=2026-08-25 18:00:00+00:00
[2026-08-25T18:07:14.399+0000] {processor.py:208} INFO - Processing /opt/airflow/dags/prod/airbyte_to_dbt_prod.py took 0.148 seconds
[2026-08-25T18:07:44.560+0000] {processor.py:186} INFO - Started process (PID=296) to work on /opt/airflow/dags/prod/airbyte_to_dbt_prod.py
[2026-08-25T18:07:44.561+0000] {processor.py:914} INFO - Processing file /opt/airflow/dags/prod/airbyte_to_dbt_prod.py for tasks to queue
[2026-08-25T18:07:44.563+0000] {logging_mixin.py:190} INFO - [2026-08-25T18:07:44.562+0000] {dagbag.py:588} INFO - Filling up the DagBag from /opt/airflow/dags/prod/airbyte_to_dbt_prod.py
[2026-08-25T18:07:44.589+0000] {processor.py:925} INFO - DAG(s) 'airbyte_to_dbt_pipeline_prod' retrieved from /opt/airflow/dags/prod/airbyte_to_dbt_prod.py
[2026-08-25T18:07:44.636+0000] {logging_mixin.py:190} INFO - [2026-08-25T18:07:44.636+0000] {dag.py:3239} INFO - Sync 1 DAGs
[2026-08-25T18:07:44.672+0000] {logging_mixin.py:190} INFO - [2026-08-25T18:07:44.672+0000] {dag.py:4180} INFO - Setting next_dagrun for airbyte_to_dbt_pipeline_prod to 2026-08-25 17:00:00+00:00, run_after=2026-08-25 18:00:00+00:00
[2026-08-25T18:07:44.696+0000] {processor.py:208} INFO - Processing /opt/airflow/dags/prod/airbyte_to_dbt_prod.py took 0.145 seconds
[2026-08-25T18:08:14.856+0000] {processor.py:186} INFO - Started process (PID=306) to work on /opt/airflow/dags/prod/airbyte_to_dbt_prod.py
[2026-08-25T18:08:14.857+0000] {processor.py:914} INFO - Processing file /opt/airflow/dags/prod/airbyte_to_dbt_prod.py for tasks to queue
[2026-08-25T18:08:14.858+0000] {logging_mixin.py:190} INFO - [2026-08-25T18:08:14.858+0000] {dagbag.py:588} INFO - Filling up the DagBag from /opt/airflow/dags/prod/airbyte_to_dbt_prod.py
[2026-08-25T18:08:14.882+0000] {processor.py:925} INFO - DAG(s) 'airbyte_to_dbt_pipeline_prod' retrieved from /opt/airflow/dags/prod/airbyte_to_dbt_prod.py
[2026-08-25T18:08:14.930+0000] {logging_mixin.py:190} INFO - [2026-08-25T18:08:14.930+0000] {dag.py:3239} INFO - Sync 1 DAGs
[2026-08-25T18:08:14.975+0000] {logging_mixin.py:190} INFO - [2026-08-25T18:08:14.974+0000] {dag.py:4180} INFO - Setting next_dagrun for airbyte_to_dbt_pipeline_prod to 2026-08-25 17:00:00+00:00, run_after=2026-08-25 18:00:00+00:00
[2026-08-25T18:08:15.007+0000] {processor.py:208} INFO - Processing /opt/airflow/dags/prod/airbyte_to_dbt_prod.py took 0.160 seconds
[2026-08-25T18:08:45.184+0000] {processor.py:186} INFO - Started process (PID=316) to work on /opt/airflow/dags/prod/airbyte_to_dbt_prod.py
[2026-08-25T18:08:45.186+0000] {processor.py:914} INFO - Processing file /opt/airflow/dags/prod/airbyte_to_dbt_prod.py for tasks to queue
[2026-08-25T18:08:45.188+0000] {logging_mixin.py:190} INFO - [2026-08-25T18:08:45.188+0000] {dagbag.py:588} INFO - Filling up the DagBag from /opt/airflow/dags/prod/airbyte_to_dbt_prod.py
[2026-08-25T18:08:45.220+0000] {processor.py:925} INFO - DAG(s) 'airbyte_to_dbt_pipeline_prod' retrieved from /opt/airflow/dags/prod/airbyte_to_dbt_prod.py
[2026-08-25T18:08:45.265+0000] {logging_mixin.py:190} INFO - [2026-08-25T18:08:45.265+0000] {dag.py:3239} INFO - Sync 1 DAGs
[2026-08-25T18:08:45.307+0000] {logging_mixin.py:190} INFO - [2026-08-25T18:08:45.307+0000] {dag.py:4180} INFO - Setting next_dagrun for airbyte_to_dbt_pipeline_prod to 2026-08-25 17:00:00+00:00, run_after=2026-08-25 18:00:00+00:00
[2026-08-25T18:08:45.333+0000] {processor.py:208} INFO - Processing /opt/airflow/dags/prod/airbyte_to_dbt_prod.py took 0.159 seconds
[2026-08-25T18:09:15.523+0000] {processor.py:186} INFO - Started process (PID=326) to work on /opt/airflow/dags/prod/airbyte_to_dbt_prod.py
[2026-08-25T18:09:15.524+0000] {processor.py:914} INFO - Processing file /opt/airflow/dags/prod/airbyte_to_dbt_prod.py for tasks to queue
[2026-08-25T18:09:15.526+0000] {logging_mixin.py:190} INFO - [2026-08-25T18:09:15.526+0000] {dagbag.py:588} INFO - Filling up the DagBag from /opt/airflow/dags/prod/airbyte_to_dbt_prod.py
[2026-08-25T18:09:15.551+0000] {processor.py:925} INFO - DAG(s) 'airbyte_to_dbt_pipeline_prod' retrieved from /opt/airflow/dags/prod/airbyte_to_dbt_prod.py
[2026-08-25T18:09:15.608+0000] {logging_mixin.py:190} INFO - [2026-08-25T18:09:15.607+0000] {dag.py:3239} INFO - Sync 1 DAGs
[2026-08-25T18:09:15.639+0000] {logging_mixin.py:190} INFO - [2026-08-25T18:09:15.639+0000] {dag.py:4180} INFO - Setting next_dagrun for airbyte_to_dbt_pipeline_prod to 2026-08-25 17:00:00+00:00, run_after=2026-08-25 18:00:00+00:00
[2026-08-25T18:09:15.664+0000] {processor.py:208} INFO - Processing /opt/airflow/dags/prod/airbyte_to_dbt_prod.py took 0.150 seconds
[2026-08-25T18:09:45.840+0000] {processor.py:186} INFO - Started process (PID=336) to work on /opt/airflow/dags/prod/airbyte_to_dbt_prod.py
[2026-08-25T18:09:45.841+0000] {processor.py:914} INFO - Processing file /opt/airflow/dags/prod/airbyte_to_dbt_prod.py for tasks to queue
[2026-08-25T18:09:45.842+0000] {logging_mixin.py:190} INFO - [2026-08-25T18:09:45.842+0000] {dagbag.py:588} INFO - Filling up the DagBag from /opt/airflow/dags/prod/airbyte_to_dbt_prod.py
[2026-08-25T18:09:45.866+0000] {processor.py:925} INFO - DAG(s) 'airbyte_to_dbt_pipeline_prod' retrieved from /opt/airflow/dags/prod/airbyte_to_dbt_prod.py
[2026-08-25T18:09:45.933+0000] {logging_mixin.py:190} INFO - [2026-08-25T18:09:45.933+0000] {dag.py:3239} INFO - Sync 1 DAGs
[2026-08-25T18:09:45.972+0000] {logging_mixin.py:190} INFO - [2026-08-25T18:09:45.971+0000] {dag.py:4180} INFO - Setting next_dagrun for airbyte_to_dbt_pipeline_prod to 2026-08-25 17:00:00+00:00, run_after=2026-08-25 18:00:00+00:00
[2026-08-25T18:09:45.995+0000] {processor.py:208} INFO - Processing /opt/airflow/dags/prod/airbyte_to_dbt_prod.py took 0.165 seconds
[2026-08-25T18:10:16.157+0000] {processor.py:186} INFO - Started process (PID=346) to work on /opt/airflow/dags/prod/airbyte_to_dbt_prod.py
[2026-08-25T18:10:16.157+0000] {processor.py:914} INFO - Processing file /opt/airflow/dags/prod/airbyte_to_dbt_prod.py for tasks to queue
[2026-08-25T18:10:16.159+0000] {logging_mixin.py:190} INFO - [2026-08-25T18:10:16.158+0000] {dagbag.py:588} INFO - Filling up the DagBag from /opt/airflow/dags/prod/airbyte_to_dbt_prod.py
[2026-08-25T18:10:16.197+0000] {processor.py:925} INFO - DAG(s) 'airbyte_to_dbt_pipeline_prod' retrieved from /opt/airflow/dags/prod/airbyte_to_dbt_prod.py
[2026-08-25T18:10:16.243+0000] {logging_mixin.py:190} INFO - [2026-08-25T18:10:16.243+0000] {dag.py:3239} INFO - Sync 1 DAGs
[2026-08-25T18:10:16.279+0000] {logging_mixin.py:190} INFO - [2026-08-25T18:10:16.279+0000] {dag.py:4180} INFO - Setting next_dagrun for airbyte_to_dbt_pipeline_prod to 2026-08-25 17:00:00+00:00, run_after=2026-08-25 18:00:00+00:00
[2026-08-25T18:10:16.305+0000] {processor.py:208} INFO - Processing /opt/airflow/dags/prod/airbyte_to_dbt_prod.py took 0.158 seconds
[2026-08-25T18:10:46.465+0000] {processor.py:186} INFO - Started process (PID=356) to work on /opt/airflow/dags/prod/airbyte_to_dbt_prod.py
[2026-08-25T18:10:46.466+0000] {processor.py:914} INFO - Processing file /opt/airflow/dags/prod/airbyte_to_dbt_prod.py for tasks to queue
[2026-08-25T18:10:46.468+0000] {logging_mixin.py:190} INFO - [2026-08-25T18:10:46.467+0000] {dagbag.py:588} INFO - Filling up the DagBag from /opt/airflow/dags/prod/airbyte_to_dbt_prod.py
[2026-08-25T18:10:46.510+0000] {processor.py:925} INFO - DAG(s) 'airbyte_to_dbt_pipeline_prod' retrieved from /opt/airflow/dags/prod/airbyte_to_dbt_prod.py
[2026-08-25T18:10:46.553+0000] {logging_mixin.py:190} INFO - [2026-08-25T18:10:46.552+0000] {dag.py:3239} INFO - Sync 1 DAGs
[2026-08-25T18:10:46.593+0000] {logging_mixin.py:190} INFO - [2026-08-25T18:10:46.593+0000] {dag.py:4180} INFO - Setting next_dagrun for airbyte_to_dbt_pipeline_prod to 2026-08-25 17:00:00+00:00, run_after=2026-08-25 18:00:00+00:00
[2026-08-25T18:10:46.618+0000] {processor.py:208} INFO - Processing /opt/airflow/dags/prod/airbyte_to_dbt_prod.py took 0.162 seconds
[2026-08-25T18:11:16.819+0000] {processor.py:186} INFO - Started process (PID=366) to work on /opt/airflow/dags/prod/airbyte_to_dbt_prod.py
[2026-08-25T18:11:16.820+0000] {processor.py:914} INFO - Processing file /opt/airflow/dags/prod/airbyte_to_dbt_prod.py for tasks to queue
[2026-08-25T18:11:16.821+0000] {logging_mixin.py:190} INFO - [2026-08-25T18:11:16.820+0000] {dagbag.py:588} INFO - Filling up the DagBag from /opt/airflow/dags/prod/airbyte_to_dbt_prod.py
[2026-08-25T18:11:16.844+0000] {processor.py:925} INFO - DAG(s) 'airbyte_to_dbt_pipeline_prod' retrieved from /opt/airflow/dags/prod/airbyte_to_dbt_prod.py
[2026-08-25T18:11:16.898+0000] {logging_mixin.py:190} INFO - [2026-08-25T18:11:16.898+0000] {dag.py:3239} INFO - Sync 1 DAGs
[2026-08-25T18:11:16.932+0000] {logging_mixin.py:190} INFO - [2026-08-25T18:11:16.932+0000] {dag.py:4180} INFO - Setting next_dagrun for airbyte_to_dbt_pipeline_prod to 2026-08-25 17:00:00+00:00, run_after=2026-08-25 18:00:00+00:00
[2026-08-25T18:11:16.961+0000] {processor.py:208} INFO - Processing /opt/airflow/dags/prod/airbyte_to_dbt_prod.py took 0.151 seconds
[2026-08-25T18:11:47.133+0000] {processor.py:186} INFO - Started process (PID=376) to work on /opt/airflow/dags/prod/airbyte_to_dbt_prod.py
[2026-08-25T18:11:47.134+0000] {processor.py:914} INFO - Processing file /opt/airflow/dags/prod/airbyte_to_dbt_prod.py for tasks to queue
[2026-08-25T18:11:47.135+0000] {logging_mixin.py:190} INFO - [2026-08-25T18:11:47.135+0000] {dagbag.py:588} INFO - Filling up the DagBag from /opt/airflow/dags/prod/airbyte_to_dbt_prod.py
[2026-08-25T18:11:47.159+0000] {processor.py:925} INFO - DAG(s) 'airbyte_to_dbt_pipeline_prod' retrieved from /opt/airflow/dags/prod/airbyte_to_dbt_prod.py
[2026-08-25T18:11:47.204+0000] {logging_mixin.py:190} INFO - [2026-08-25T18:11:47.204+0000] {dag.py:3239} INFO - Sync 1 DAGs
[2026-08-25T18:11:47.235+0000] {logging_mixin.py:190} INFO - [2026-08-25T18:11:47.235+0000] {dag.py:4180} INFO - Setting next_dagrun for airbyte_to_dbt_pipeline_prod to 2026-08-25 17:00:00+00:00, run_after=2026-08-25 18:00:00+00:00
[2026-08-25T18:11:47.256+0000] {processor.py:208} INFO - Processing /opt/airflow/dags/prod/airbyte_to_dbt_prod.py took 0.132 seconds
[2026-08-25T18:12:17.427+0000] {processor.py:186} INFO - Started process (PID=386) to work on /opt/airflow/dags/prod/airbyte_to_dbt_prod.py
[2026-08-25T18:12:17.428+0000] {processor.py:914} INFO - Processing file /opt/airflow/dags/prod/airbyte_to_dbt_prod.py for tasks to queue
[2026-08-25T18:12:17.430+0000] {logging_mixin.py:190} INFO - [2026-08-25T18:12:17.429+0000] {dagbag.py:588} INFO - Filling up the DagBag from /opt/airflow/dags/prod/airbyte_to_dbt_prod.py
[2026-08-25T18:12:17.460+0000] {processor.py:925} INFO - DAG(s) 'airbyte_to_dbt_pipeline_prod' retrieved from /opt/airflow/dags/prod/airbyte_to_dbt_prod.py
[2026-08-25T18:12:17.506+0000] {logging_mixin.py:190} INFO - [2026-08-25T18:12:17.506+0000] {dag.py:3239} INFO - Sync 1 DAGs
[2026-08-25T18:12:17.539+0000] {logging_mixin.py:190} INFO - [2026-08-25T18:12:17.539+0000] {dag.py:4180} INFO - Setting next_dagrun for airbyte_to_dbt_pipeline_prod to 2026-08-25 17:00:00+00:00, run_after=2026-08-25 18:00:00+00:00
[2026-08-25T18:12:17.561+0000] {processor.py:208} INFO - Processing /opt/airflow/dags/prod/airbyte_to_dbt_prod.py took 0.145 seconds
[2026-08-25T18:12:47.724+0000] {processor.py:186} INFO - Started process (PID=396) to work on /opt/airflow/dags/prod/airbyte_to_dbt_prod.py
[2026-08-25T18:12:47.726+0000] {processor.py:914} INFO - Processing file /opt/airflow/dags/prod/airbyte_to_dbt_prod.py for tasks to queue
[2026-08-25T18:12:47.727+0000] {logging_mixin.py:190} INFO - [2026-08-25T18:12:47.727+0000] {dagbag.py:588} INFO - Filling up the DagBag from /opt/airflow/dags/prod/airbyte_to_dbt_prod.py
[2026-08-25T18:12:47.753+0000] {processor.py:925} INFO - DAG(s) 'airbyte_to_dbt_pipeline_prod' retrieved from /opt/airflow/dags/prod/airbyte_to_dbt_prod.py
[2026-08-25T18:12:47.806+0000] {logging_mixin.py:190} INFO - [2026-08-25T18:12:47.805+0000] {dag.py:3239} INFO - Sync 1 DAGs
[2026-08-25T18:12:47.844+0000] {logging_mixin.py:190} INFO - [2026-08-25T18:12:47.844+0000] {dag.py:4180} INFO - Setting next_dagrun for airbyte_to_dbt_pipeline_prod to 2026-08-25 17:00:00+00:00, run_after=2026-08-25 18:00:00+00:00
[2026-08-25T18:12:47.868+0000] {processor.py:208} INFO - Processing /opt/airflow/dags/prod/airbyte_to_dbt_prod.py took 0.152 seconds
[2026-08-25T18:13:18.043+0000] {processor.py:186} INFO - Started process (PID=406) to work on /opt/airflow/dags/prod/airbyte_to_dbt_prod.py
[2026-08-25T18:13:18.044+0000] {processor.py:914} INFO - Processing file /opt/airflow/dags/prod/airbyte_to_dbt_prod.py for tasks to queue
[2026-08-25T18:13:18.046+0000] {logging_mixin.py:190} INFO - [2026-08-25T18:13:18.046+0000] {dagbag.py:588} INFO - Filling up the DagBag from /opt/airflow/dags/prod/airbyte_to_dbt_prod.py
[2026-08-25T18:13:18.072+0000] {processor.py:925} INFO - DAG(s) 'airbyte_to_dbt_pipeline_prod' retrieved from /opt/airflow/dags/prod/airbyte_to_dbt_prod.py
[2026-08-25T18:13:18.125+0000] {logging_mixin.py:190} INFO - [2026-08-25T18:13:18.125+0000] {dag.py:3239} INFO - Sync 1 DAGs
[2026-08-25T18:13:18.164+0000] {logging_mixin.py:190} INFO - [2026-08-25T18:13:18.164+0000] {dag.py:4180} INFO - Setting next_dagrun for airbyte_to_dbt_pipeline_prod to 2026-08-25 17:00:00+00:00, run_after=2026-08-25 18:00:00+00:00
[2026-08-25T18:13:18.187+0000] {processor.py:208} INFO - Processing /opt/airflow/dags/prod/airbyte_to_dbt_prod.py took 0.154 seconds
[2026-08-25T18:13:48.346+0000] {processor.py:186} INFO - Started process (PID=416) to work on /opt/airflow/dags/prod/airbyte_to_dbt_prod.py
[2026-08-25T18:13:48.347+0000] {processor.py:914} INFO - Processing file /opt/airflow/dags/prod/airbyte_to_dbt_prod.py for tasks to queue
[2026-08-25T18:13:48.349+0000] {logging_mixin.py:190} INFO - [2026-08-25T18:13:48.348+0000] {dagbag.py:588} INFO - Filling up the DagBag from /opt/airflow/dags/prod/airbyte_to_dbt_prod.py
[2026-08-25T18:13:48.369+0000] {processor.py:925} INFO - DAG(s) 'airbyte_to_dbt_pipeline_prod' retrieved from /opt/airflow/dags/prod/airbyte_to_dbt_prod.py
[2026-08-25T18:13:48.407+0000] {logging_mixin.py:190} INFO - [2026-08-25T18:13:48.407+0000] {dag.py:3239} INFO - Sync 1 DAGs
[2026-08-25T18:13:48.436+0000] {logging_mixin.py:190} INFO - [2026-08-25T18:13:48.436+0000] {dag.py:4180} INFO - Setting next_dagrun for airbyte_to_dbt_pipeline_prod to 2026-08-25 17:00:00+00:00, run_after=2026-08-25 18:00:00+00:00
[2026-08-25T18:13:48.458+0000] {processor.py:208} INFO - Processing /opt/airflow/dags/prod/airbyte_to_dbt_prod.py took 0.120 seconds
[2026-08-25T18:14:18.626+0000] {processor.py:186} INFO - Started process (PID=426) to work on /opt/airflow/dags/prod/airbyte_to_dbt_prod.py
[2026-08-25T18:14:18.627+0000] {processor.py:914} INFO - Processing file /opt/airflow/dags/prod/airbyte_to_dbt_prod.py for tasks to queue
[2026-08-25T18:14:18.628+0000] {logging_mixin.py:190} INFO - [2026-08-25T18:14:18.628+0000] {dagbag.py:588} INFO - Filling up the DagBag from /opt/airflow/dags/prod/airbyte_to_dbt_prod.py
[2026-08-25T18:14:18.648+0000] {processor.py:925} INFO - DAG(s) 'airbyte_to_dbt_pipeline_prod' retrieved from /opt/airflow/dags/prod/airbyte_to_dbt_prod.py
[2026-08-25T18:14:18.698+0000] {logging_mixin.py:190} INFO - [2026-08-25T18:14:18.698+0000] {dag.py:3239} INFO - Sync 1 DAGs
[2026-08-25T18:14:18.736+0000] {logging_mixin.py:190} INFO - [2026-08-25T18:14:18.736+0000] {dag.py:4180} INFO - Setting next_dagrun for airbyte_to_dbt_pipeline_prod to 2026-08-25 17:00:00+00:00, run_after=2026-08-25 18:00:00+00:00
[2026-08-25T18:14:18.760+0000] {processor.py:208} INFO - Processing /opt/airflow/dags/prod/airbyte_to_dbt_prod.py took 0.142 seconds
[2026-08-25T18:14:48.922+0000] {processor.py:186} INFO - Started process (PID=436) to work on /opt/airflow/dags/prod/airbyte_to_dbt_prod.py
[2026-08-25T18:14:48.923+0000] {processor.py:914} INFO - Processing file /opt/airflow/dags/prod/airbyte_to_dbt_prod.py for tasks to queue
[2026-08-25T18:14:48.925+0000] {logging_mixin.py:190} INFO - [2026-08-25T18:14:48.924+0000] {dagbag.py:588} INFO - Filling up the DagBag from /opt/airflow/dags/prod/airbyte_to_dbt_prod.py
[2026-08-25T18:14:48.948+0000] {processor.py:925} INFO - DAG(s) 'airbyte_to_dbt_pipeline_prod' retrieved from /opt/airflow/dags/prod/airbyte_to_dbt_prod.py
[2026-08-25T18:14:48.986+0000] {logging_mixin.py:190} INFO - [2026-08-25T18:14:48.986+0000] {dag.py:3239} INFO - Sync 1 DAGs
[2026-08-25T18:14:49.018+0000] {logging_mixin.py:190} INFO - [2026-08-25T18:14:49.018+0000] {dag.py:4180} INFO - Setting next_dagrun for airbyte_to_dbt_pipeline_prod to 2026-08-25 17:00:00+00:00, run_after=2026-08-25 18:00:00+00:00
[2026-08-25T18:14:49.043+0000] {processor.py:208} INFO - Processing /opt/airflow/dags/prod/airbyte_to_dbt_prod.py took 0.129 seconds
[2026-08-25T18:15:19.201+0000] {processor.py:186} INFO - Started process (PID=446) to work on /opt/airflow/dags/prod/airbyte_to_dbt_prod.py
[2026-08-25T18:15:19.202+0000] {processor.py:914} INFO - Processing file /opt/airflow/dags/prod/airbyte_to_dbt_prod.py for tasks to queue
[2026-08-25T18:15:19.204+0000] {logging_mixin.py:190} INFO - [2026-08-25T18:15:19.203+0000] {dagbag.py:588} INFO - Filling up the DagBag from /opt/airflow/dags/prod/airbyte_to_dbt_prod.py
[2026-08-25T18:15:19.231+0000] {processor.py:925} INFO - DAG(s) 'airbyte_to_dbt_pipeline_prod' retrieved from /opt/airflow/dags/prod/airbyte_to_dbt_prod.py
[2026-08-25T18:15:19.276+0000] {logging_mixin.py:190} INFO - [2026-08-25T18:15:19.276+0000] {dag.py:3239} INFO - Sync 1 DAGs
[2026-08-25T18:15:19.306+0000] {logging_mixin.py:190} INFO - [2026-08-25T18:15:19.306+0000] {dag.py:4180} INFO - Setting next_dagrun for airbyte_to_dbt_pipeline_prod to 2026-08-25 17:00:00+00:00, run_after=2026-08-25 18:00:00+00:00
[2026-08-25T18:15:19.331+0000] {processor.py:208} INFO - Processing /opt/airflow/dags/prod/airbyte_to_dbt_prod.py took 0.140 seconds
[2026-08-25T18:25:55.530+0000] {processor.py:186} INFO - Started process (PID=456) to work on /opt/airflow/dags/prod/airbyte_to_dbt_prod.py
[2026-08-25T18:25:55.539+0000] {processor.py:914} INFO - Processing file /opt/airflow/dags/prod/airbyte_to_dbt_prod.py for tasks to queue
[2026-08-25T18:25:55.541+0000] {logging_mixin.py:190} INFO - [2026-08-25T18:25:55.541+0000] {dagbag.py:588} INFO - Filling up the DagBag from /opt/airflow/dags/prod/airbyte_to_dbt_prod.py
[2026-08-25T18:25:55.614+0000] {processor.py:925} INFO - DAG(s) 'airbyte_to_dbt_pipeline_prod' retrieved from /opt/airflow/dags/prod/airbyte_to_dbt_prod.py
[2026-08-25T18:25:55.966+0000] {logging_mixin.py:190} INFO - [2026-08-25T18:25:55.965+0000] {dag.py:3239} INFO - Sync 1 DAGs
[2026-08-25T18:25:56.060+0000] {logging_mixin.py:190} INFO - [2026-08-25T18:25:56.060+0000] {dag.py:4180} INFO - Setting next_dagrun for airbyte_to_dbt_pipeline_prod to 2026-08-25 17:00:00+00:00, run_after=2026-08-25 18:00:00+00:00
[2026-08-25T18:25:56.114+0000] {processor.py:208} INFO - Processing /opt/airflow/dags/prod/airbyte_to_dbt_prod.py took 0.633 seconds
[2026-08-25T18:26:26.280+0000] {processor.py:186} INFO - Started process (PID=466) to work on /opt/airflow/dags/prod/airbyte_to_dbt_prod.py
[2026-08-25T18:26:26.285+0000] {processor.py:914} INFO - Processing file /opt/airflow/dags/prod/airbyte_to_dbt_prod.py for tasks to queue
[2026-08-25T18:26:26.287+0000] {logging_mixin.py:190} INFO - [2026-08-25T18:26:26.286+0000] {dagbag.py:588} INFO - Filling up the DagBag from /opt/airflow/dags/prod/airbyte_to_dbt_prod.py
[2026-08-25T18:26:26.339+0000] {processor.py:925} INFO - DAG(s) 'airbyte_to_dbt_pipeline_prod' retrieved from /opt/airflow/dags/prod/airbyte_to_dbt_prod.py
[2026-08-25T18:26:26.393+0000] {logging_mixin.py:190} INFO - [2026-08-25T18:26:26.392+0000] {dag.py:3239} INFO - Sync 1 DAGs
[2026-08-25T18:26:26.431+0000] {logging_mixin.py:190} INFO - [2026-08-25T18:26:26.431+0000] {dag.py:4180} INFO - Setting next_dagrun for airbyte_to_dbt_pipeline_prod to 2026-08-25 17:00:00+00:00, run_after=2026-08-25 18:00:00+00:00
[2026-08-25T18:26:26.457+0000] {processor.py:208} INFO - Processing /opt/airflow/dags/prod/airbyte_to_dbt_prod.py took 0.195 seconds
[2026-08-25T18:26:56.633+0000] {processor.py:186} INFO - Started process (PID=476) to work on /opt/airflow/dags/prod/airbyte_to_dbt_prod.py
[2026-08-25T18:26:56.634+0000] {processor.py:914} INFO - Processing file /opt/airflow/dags/prod/airbyte_to_dbt_prod.py for tasks to queue
[2026-08-25T18:26:56.635+0000] {logging_mixin.py:190} INFO - [2026-08-25T18:26:56.635+0000] {dagbag.py:588} INFO - Filling up the DagBag from /opt/airflow/dags/prod/airbyte_to_dbt_prod.py
[2026-08-25T18:26:56.657+0000] {processor.py:925} INFO - DAG(s) 'airbyte_to_dbt_pipeline_prod' retrieved from /opt/airflow/dags/prod/airbyte_to_dbt_prod.py
[2026-08-25T18:26:56.715+0000] {logging_mixin.py:190} INFO - [2026-08-25T18:26:56.715+0000] {dag.py:3239} INFO - Sync 1 DAGs
[2026-08-25T18:26:56.763+0000] {logging_mixin.py:190} INFO - [2026-08-25T18:26:56.763+0000] {dag.py:4180} INFO - Setting next_dagrun for airbyte_to_dbt_pipeline_prod to 2026-08-25 17:00:00+00:00, run_after=2026-08-25 18:00:00+00:00
[2026-08-25T18:26:56.799+0000] {processor.py:208} INFO - Processing /opt/airflow/dags/prod/airbyte_to_dbt_prod.py took 0.175 seconds
[2026-08-25T18:27:26.967+0000] {processor.py:186} INFO - Started process (PID=486) to work on /opt/airflow/dags/prod/airbyte_to_dbt_prod.py
[2026-08-25T18:27:26.970+0000] {processor.py:914} INFO - Processing file /opt/airflow/dags/prod/airbyte_to_dbt_prod.py for tasks to queue
[2026-08-25T18:27:26.971+0000] {logging_mixin.py:190} INFO - [2026-08-25T18:27:26.971+0000] {dagbag.py:588} INFO - Filling up the DagBag from /opt/airflow/dags/prod/airbyte_to_dbt_prod.py
[2026-08-25T18:27:26.995+0000] {processor.py:925} INFO - DAG(s) 'airbyte_to_dbt_pipeline_prod' retrieved from /opt/airflow/dags/prod/airbyte_to_dbt_prod.py
[2026-08-25T18:27:27.042+0000] {logging_mixin.py:190} INFO - [2026-08-25T18:27:27.042+0000] {dag.py:3239} INFO - Sync 1 DAGs
[2026-08-25T18:27:27.082+0000] {logging_mixin.py:190} INFO - [2026-08-25T18:27:27.081+0000] {dag.py:4180} INFO - Setting next_dagrun for airbyte_to_dbt_pipeline_prod to 2026-08-25 17:00:00+00:00, run_after=2026-08-25 18:00:00+00:00
[2026-08-25T18:27:27.104+0000] {processor.py:208} INFO - Processing /opt/airflow/dags/prod/airbyte_to_dbt_prod.py took 0.146 seconds
[2026-08-25T18:27:57.299+0000] {processor.py:186} INFO - Started process (PID=496) to work on /opt/airflow/dags/prod/airbyte_to_dbt_prod.py
[2026-08-25T18:27:57.300+0000] {processor.py:914} INFO - Processing file /opt/airflow/dags/prod/airbyte_to_dbt_prod.py for tasks to queue
[2026-08-25T18:27:57.301+0000] {logging_mixin.py:190} INFO - [2026-08-25T18:27:57.301+0000] {dagbag.py:588} INFO - Filling up the DagBag from /opt/airflow/dags/prod/airbyte_to_dbt_prod.py
[2026-08-25T18:27:57.347+0000] {processor.py:925} INFO - DAG(s) 'airbyte_to_dbt_pipeline_prod' retrieved from /opt/airflow/dags/prod/airbyte_to_dbt_prod.py
[2026-08-25T18:27:57.420+0000] {logging_mixin.py:190} INFO - [2026-08-25T18:27:57.420+0000] {dag.py:3239} INFO - Sync 1 DAGs
[2026-08-25T18:27:57.476+0000] {logging_mixin.py:190} INFO - [2026-08-25T18:27:57.475+0000] {dag.py:4180} INFO - Setting next_dagrun for airbyte_to_dbt_pipeline_prod to 2026-08-25 17:00:00+00:00, run_after=2026-08-25 18:00:00+00:00
[2026-08-25T18:27:57.501+0000] {processor.py:208} INFO - Processing /opt/airflow/dags/prod/airbyte_to_dbt_prod.py took 0.218 seconds
[2026-08-25T18:28:27.699+0000] {processor.py:186} INFO - Started process (PID=506) to work on /opt/airflow/dags/prod/airbyte_to_dbt_prod.py
[2026-08-25T18:28:27.700+0000] {processor.py:914} INFO - Processing file /opt/airflow/dags/prod/airbyte_to_dbt_prod.py for tasks to queue
[2026-08-25T18:28:27.702+0000] {logging_mixin.py:190} INFO - [2026-08-25T18:28:27.702+0000] {dagbag.py:588} INFO - Filling up the DagBag from /opt/airflow/dags/prod/airbyte_to_dbt_prod.py
[2026-08-25T18:28:27.736+0000] {processor.py:925} INFO - DAG(s) 'airbyte_to_dbt_pipeline_prod' retrieved from /opt/airflow/dags/prod/airbyte_to_dbt_prod.py
[2026-08-25T18:28:27.783+0000] {logging_mixin.py:190} INFO - [2026-08-25T18:28:27.783+0000] {dag.py:3239} INFO - Sync 1 DAGs
[2026-08-25T18:28:27.822+0000] {logging_mixin.py:190} INFO - [2026-08-25T18:28:27.821+0000] {dag.py:4180} INFO - Setting next_dagrun for airbyte_to_dbt_pipeline_prod to 2026-08-25 17:00:00+00:00, run_after=2026-08-25 18:00:00+00:00
[2026-08-25T18:28:27.851+0000] {processor.py:208} INFO - Processing /opt/airflow/dags/prod/airbyte_to_dbt_prod.py took 0.163 seconds
[2026-08-25T18:28:58.020+0000] {processor.py:186} INFO - Started process (PID=516) to work on /opt/airflow/dags/prod/airbyte_to_dbt_prod.py
[2026-08-25T18:28:58.021+0000] {processor.py:914} INFO - Processing file /opt/airflow/dags/prod/airbyte_to_dbt_prod.py for tasks to queue
[2026-08-25T18:28:58.023+0000] {logging_mixin.py:190} INFO - [2026-08-25T18:28:58.022+0000] {dagbag.py:588} INFO - Filling up the DagBag from /opt/airflow/dags/prod/airbyte_to_dbt_prod.py
[2026-08-25T18:28:58.053+0000] {processor.py:925} INFO - DAG(s) 'airbyte_to_dbt_pipeline_prod' retrieved from /opt/airflow/dags/prod/airbyte_to_dbt_prod.py
[2026-08-25T18:28:58.101+0000] {logging_mixin.py:190} INFO - [2026-08-25T18:28:58.101+0000] {dag.py:3239} INFO - Sync 1 DAGs
[2026-08-25T18:28:58.145+0000] {logging_mixin.py:190} INFO - [2026-08-25T18:28:58.145+0000] {dag.py:4180} INFO - Setting next_dagrun for airbyte_to_dbt_pipeline_prod to 2026-08-25 17:00:00+00:00, run_after=2026-08-25 18:00:00+00:00
[2026-08-25T18:28:58.169+0000] {processor.py:208} INFO - Processing /opt/airflow/dags/prod/airbyte_to_dbt_prod.py took 0.159 seconds
[2026-08-25T18:37:03.597+0000] {processor.py:186} INFO - Started process (PID=526) to work on /opt/airflow/dags/prod/airbyte_to_dbt_prod.py
[2026-08-25T18:37:03.609+0000] {processor.py:914} INFO - Processing file /opt/airflow/dags/prod/airbyte_to_dbt_prod.py for tasks to queue
[2026-08-25T18:37:03.611+0000] {logging_mixin.py:190} INFO - [2026-08-25T18:37:03.611+0000] {dagbag.py:588} INFO - Filling up the DagBag from /opt/airflow/dags/prod/airbyte_to_dbt_prod.py
[2026-08-25T18:37:03.657+0000] {processor.py:925} INFO - DAG(s) 'airbyte_to_dbt_pipeline_prod' retrieved from /opt/airflow/dags/prod/airbyte_to_dbt_prod.py
[2026-08-25T18:37:03.734+0000] {logging_mixin.py:190} INFO - [2026-08-25T18:37:03.734+0000] {dag.py:3239} INFO - Sync 1 DAGs
[2026-08-25T18:37:03.842+0000] {logging_mixin.py:190} INFO - [2026-08-25T18:37:03.842+0000] {dag.py:4180} INFO - Setting next_dagrun for airbyte_to_dbt_pipeline_prod to 2026-08-25 17:00:00+00:00, run_after=2026-08-25 18:00:00+00:00
[2026-08-25T18:37:03.947+0000] {processor.py:208} INFO - Processing /opt/airflow/dags/prod/airbyte_to_dbt_prod.py took 0.364 seconds
[2026-08-25T18:37:34.055+0000] {processor.py:186} INFO - Started process (PID=534) to work on /opt/airflow/dags/prod/airbyte_to_dbt_prod.py
[2026-08-25T18:37:34.057+0000] {processor.py:914} INFO - Processing file /opt/airflow/dags/prod/airbyte_to_dbt_prod.py for tasks to queue
[2026-08-25T18:37:34.059+0000] {logging_mixin.py:190} INFO - [2026-08-25T18:37:34.058+0000] {dagbag.py:588} INFO - Filling up the DagBag from /opt/airflow/dags/prod/airbyte_to_dbt_prod.py
[2026-08-25T18:37:34.143+0000] {processor.py:925} INFO - DAG(s) 'airbyte_to_dbt_pipeline_prod' retrieved from /opt/airflow/dags/prod/airbyte_to_dbt_prod.py
[2026-08-25T18:37:34.238+0000] {logging_mixin.py:190} INFO - [2026-08-25T18:37:34.237+0000] {dag.py:3239} INFO - Sync 1 DAGs
[2026-08-25T18:37:34.327+0000] {logging_mixin.py:190} INFO - [2026-08-25T18:37:34.326+0000] {dag.py:4180} INFO - Setting next_dagrun for airbyte_to_dbt_pipeline_prod to 2026-08-25 17:00:00+00:00, run_after=2026-08-25 18:00:00+00:00
[2026-08-25T18:37:34.349+0000] {processor.py:208} INFO - Processing /opt/airflow/dags/prod/airbyte_to_dbt_prod.py took 0.319 seconds
